======================================================================
Ratio Edge Case Report
======================================================================
ABB Dec 2012 : Debt Free Company
ABB Dec 2012 : Interest Coverage N/A
ABB Mar 2014 : Debt Free Company
ABB Mar 2014 : Interest Coverage N/A
ABB Mar 2015 : Debt Free Company
ABB Mar 2015 : Interest Coverage N/A
ABB Mar 2016 : Debt Free Company
ABB Mar 2017 : Debt Free Company
ABB Mar 2018 : Debt Free Company
ABB Mar 2019 : Debt Free Company
ADANIENSOL Mar 2014 : Debt Free Company
ADANIENSOL Mar 2014 : Interest Coverage N/A
ADANIGREEN Mar 2017 : PAT CAGR -> TURNAROUND
ADANIGREEN Mar 2017 : EPS CAGR -> ZERO_BASE
ADANIGREEN Mar 2018 : PAT CAGR -> TURNAROUND
ADANIGREEN Mar 2018 : EPS CAGR -> ZERO_BASE
ADANIGREEN Mar 2019 : PAT CAGR -> TURNAROUND
ADANIGREEN Mar 2019 : EPS CAGR -> ZERO_BASE
ADANIGREEN Mar 2020 : PAT CAGR -> TURNAROUND
ADANIGREEN Mar 2020 : EPS CAGR -> ZERO_BASE
ADANIGREEN Mar 2021 : PAT CAGR -> TURNAROUND
ADANIGREEN Mar 2021 : EPS CAGR -> ZERO_BASE
ADANIGREEN Mar 2022 : PAT CAGR -> TURNAROUND
ADANIGREEN Mar 2022 : EPS CAGR -> ZERO_BASE
ADANIGREEN Mar 2023 : PAT CAGR -> TURNAROUND
ADANIGREEN Mar 2023 : EPS CAGR -> ZERO_BASE
ADANIGREEN Mar 2024 : PAT CAGR -> TURNAROUND
ADANIGREEN Mar 2024 : EPS CAGR -> ZERO_BASE
ADANIPOWER Mar 2013 : PAT CAGR -> TURNAROUND
ADANIPOWER Mar 2013 : EPS CAGR -> TURNAROUND
ADANIPOWER Mar 2014 : PAT CAGR -> TURNAROUND
ADANIPOWER Mar 2014 : EPS CAGR -> TURNAROUND
ADANIPOWER Mar 2015 : PAT CAGR -> TURNAROUND
ADANIPOWER Mar 2015 : EPS CAGR -> TURNAROUND
ADANIPOWER Mar 2016 : PAT CAGR -> TURNAROUND
ADANIPOWER Mar 2016 : EPS CAGR -> TURNAROUND
ADANIPOWER Mar 2017 : PAT CAGR -> TURNAROUND
ADANIPOWER Mar 2017 : EPS CAGR -> TURNAROUND
ADANIPOWER Mar 2018 : PAT CAGR -> TURNAROUND
ADANIPOWER Mar 2018 : EPS CAGR -> TURNAROUND
ADANIPOWER Mar 2019 : PAT CAGR -> TURNAROUND
ADANIPOWER Mar 2019 : EPS CAGR -> TURNAROUND
ADANIPOWER Mar 2020 : PAT CAGR -> TURNAROUND
ADANIPOWER Mar 2020 : EPS CAGR -> TURNAROUND
ADANIPOWER Mar 2021 : PAT CAGR -> TURNAROUND
ADANIPOWER Mar 2021 : EPS CAGR -> TURNAROUND
ADANIPOWER Mar 2022 : PAT CAGR -> TURNAROUND
ADANIPOWER Mar 2022 : EPS CAGR -> TURNAROUND
ADANIPOWER Mar 2023 : PAT CAGR -> TURNAROUND
ADANIPOWER Mar 2023 : EPS CAGR -> TURNAROUND
ADANIPOWER Mar 2024 : PAT CAGR -> TURNAROUND
ADANIPOWER Mar 2024 : EPS CAGR -> TURNAROUND
AMBUJACEM Dec 2014 : Debt Free Company
AMBUJACEM Dec 2015 : Debt Free Company
AMBUJACEM Dec 2016 : Debt Free Company
AMBUJACEM Dec 2017 : Debt Free Company
AMBUJACEM Dec 2018 : Debt Free Company
AMBUJACEM Dec 2019 : Debt Free Company
BAJAJ-AUTO Mar 2021 : Debt Free Company
BAJAJ-AUTO Mar 2022 : Debt Free Company
BAJAJ-AUTO Mar 2023 : Debt Free Company
BAJAJHLDNG Mar 2013 : Debt Free Company
BAJAJHLDNG Mar 2013 : Interest Coverage N/A
BAJAJHLDNG Mar 2014 : Debt Free Company
BAJAJHLDNG Mar 2014 : Interest Coverage N/A
BAJAJHLDNG Mar 2015 : Debt Free Company
BAJAJHLDNG Mar 2015 : Interest Coverage N/A
BAJAJHLDNG Mar 2016 : Debt Free Company
BAJAJHLDNG Mar 2016 : Interest Coverage N/A
BAJAJHLDNG Mar 2017 : Debt Free Company
BAJAJHLDNG Mar 2017 : Interest Coverage N/A
BAJAJHLDNG Mar 2018 : Debt Free Company
BAJAJHLDNG Mar 2018 : Interest Coverage N/A
BAJAJHLDNG Mar 2019 : Debt Free Company
BAJAJHLDNG Mar 2019 : Interest Coverage N/A
BAJAJHLDNG Mar 2021 : Debt Free Company
BAJAJHLDNG Mar 2022 : Debt Free Company
BAJAJHLDNG Mar 2023 : Debt Free Company
BAJAJHLDNG Mar 2024 : Debt Free Company
BHARTIARTL Mar 2013 : PAT CAGR -> TURNAROUND
BHARTIARTL Mar 2013 : EPS CAGR -> TURNAROUND
BHARTIARTL Mar 2014 : PAT CAGR -> TURNAROUND
BHARTIARTL Mar 2014 : EPS CAGR -> TURNAROUND
BHARTIARTL Mar 2015 : PAT CAGR -> TURNAROUND
BHARTIARTL Mar 2015 : EPS CAGR -> TURNAROUND
BHARTIARTL Mar 2016 : PAT CAGR -> TURNAROUND
BHARTIARTL Mar 2016 : EPS CAGR -> TURNAROUND
BHARTIARTL Mar 2017 : PAT CAGR -> TURNAROUND
BHARTIARTL Mar 2017 : EPS CAGR -> TURNAROUND
BHARTIARTL Mar 2018 : PAT CAGR -> TURNAROUND
BHARTIARTL Mar 2018 : EPS CAGR -> TURNAROUND
BHARTIARTL Mar 2019 : PAT CAGR -> TURNAROUND
BHARTIARTL Mar 2019 : EPS CAGR -> TURNAROUND
BHARTIARTL Mar 2020 : PAT CAGR -> TURNAROUND
BHARTIARTL Mar 2020 : EPS CAGR -> TURNAROUND
BHARTIARTL Mar 2021 : PAT CAGR -> TURNAROUND
BHARTIARTL Mar 2021 : EPS CAGR -> TURNAROUND
BHARTIARTL Mar 2022 : PAT CAGR -> TURNAROUND
BHARTIARTL Mar 2022 : EPS CAGR -> TURNAROUND
BHARTIARTL Mar 2023 : PAT CAGR -> TURNAROUND
BHARTIARTL Mar 2023 : EPS CAGR -> TURNAROUND
BHARTIARTL Mar 2024 : PAT CAGR -> TURNAROUND
BHARTIARTL Mar 2024 : EPS CAGR -> TURNAROUND
BHEL Mar 2013 : PAT CAGR -> TURNAROUND
BHEL Mar 2013 : EPS CAGR -> TURNAROUND
BHEL Mar 2014 : PAT CAGR -> TURNAROUND
BHEL Mar 2014 : EPS CAGR -> TURNAROUND
BHEL Mar 2015 : PAT CAGR -> TURNAROUND
BHEL Mar 2015 : EPS CAGR -> TURNAROUND
BHEL Mar 2016 : PAT CAGR -> TURNAROUND
BHEL Mar 2016 : EPS CAGR -> TURNAROUND
BHEL Mar 2017 : Debt Free Company
BHEL Mar 2017 : PAT CAGR -> TURNAROUND
BHEL Mar 2017 : EPS CAGR -> TURNAROUND
BHEL Mar 2018 : Debt Free Company
BHEL Mar 2018 : PAT CAGR -> TURNAROUND
BHEL Mar 2018 : EPS CAGR -> TURNAROUND
BHEL Mar 2019 : PAT CAGR -> TURNAROUND
BHEL Mar 2019 : EPS CAGR -> TURNAROUND
BHEL Mar 2020 : PAT CAGR -> TURNAROUND
BHEL Mar 2020 : EPS CAGR -> TURNAROUND
BHEL Mar 2021 : PAT CAGR -> TURNAROUND
BHEL Mar 2021 : EPS CAGR -> TURNAROUND
BHEL Mar 2022 : PAT CAGR -> TURNAROUND
BHEL Mar 2022 : EPS CAGR -> TURNAROUND
BHEL Mar 2023 : PAT CAGR -> TURNAROUND
BHEL Mar 2023 : EPS CAGR -> TURNAROUND
BHEL Mar 2024 : PAT CAGR -> TURNAROUND
BHEL Mar 2024 : EPS CAGR -> TURNAROUND
BOSCHLTD Dec 2013 : Interest Coverage N/A
BOSCHLTD Mar 2017 : Debt Free Company
BOSCHLTD Mar 2018 : Debt Free Company
BOSCHLTD Mar 2019 : Debt Free Company
BOSCHLTD Mar 2023 : Debt Free Company
BOSCHLTD Mar 2024 : Debt Free Company
CANBK Mar 2013 : PAT CAGR -> TURNAROUND
CANBK Mar 2013 : EPS CAGR -> TURNAROUND
CANBK Mar 2014 : PAT CAGR -> TURNAROUND
CANBK Mar 2014 : EPS CAGR -> TURNAROUND
CANBK Mar 2015 : PAT CAGR -> TURNAROUND
CANBK Mar 2015 : EPS CAGR -> TURNAROUND
CANBK Mar 2016 : PAT CAGR -> TURNAROUND
CANBK Mar 2016 : EPS CAGR -> TURNAROUND
CANBK Mar 2017 : PAT CAGR -> TURNAROUND
CANBK Mar 2017 : EPS CAGR -> TURNAROUND
CANBK Mar 2018 : PAT CAGR -> TURNAROUND
CANBK Mar 2018 : EPS CAGR -> TURNAROUND
CANBK Mar 2019 : PAT CAGR -> TURNAROUND
CANBK Mar 2019 : EPS CAGR -> TURNAROUND
CANBK Mar 2020 : PAT CAGR -> TURNAROUND
CANBK Mar 2020 : EPS CAGR -> TURNAROUND
CANBK Mar 2021 : PAT CAGR -> TURNAROUND
CANBK Mar 2021 : EPS CAGR -> TURNAROUND
CANBK Mar 2022 : PAT CAGR -> TURNAROUND
CANBK Mar 2022 : EPS CAGR -> TURNAROUND
CANBK Mar 2023 : PAT CAGR -> TURNAROUND
CANBK Mar 2023 : EPS CAGR -> TURNAROUND
CANBK Mar 2024 : PAT CAGR -> TURNAROUND
CANBK Mar 2024 : EPS CAGR -> TURNAROUND
CHOLAFIN Mar 2015 : Interest Coverage N/A
CHOLAFIN Mar 2018 : Interest Coverage N/A
CHOLAFIN Mar 2020 : Interest Coverage N/A
COALINDIA Mar 2014 : Debt Free Company
DIVISLAB Mar 2021 : Debt Free Company
DIVISLAB Mar 2022 : Debt Free Company
DIVISLAB Mar 2023 : Debt Free Company
DIVISLAB Mar 2024 : Debt Free Company
DLF Mar 2013 : PAT CAGR -> TURNAROUND
DLF Mar 2013 : EPS CAGR -> TURNAROUND
DLF Mar 2014 : PAT CAGR -> TURNAROUND
DLF Mar 2014 : EPS CAGR -> TURNAROUND
DLF Mar 2015 : PAT CAGR -> TURNAROUND
DLF Mar 2015 : EPS CAGR -> TURNAROUND
DLF Mar 2016 : PAT CAGR -> TURNAROUND
DLF Mar 2016 : EPS CAGR -> TURNAROUND
DLF Mar 2017 : PAT CAGR -> TURNAROUND
DLF Mar 2017 : EPS CAGR -> TURNAROUND
DLF Mar 2018 : PAT CAGR -> TURNAROUND
DLF Mar 2018 : EPS CAGR -> TURNAROUND
DLF Mar 2019 : PAT CAGR -> TURNAROUND
DLF Mar 2019 : EPS CAGR -> TURNAROUND
DLF Mar 2020 : PAT CAGR -> TURNAROUND
DLF Mar 2020 : EPS CAGR -> TURNAROUND
DLF Mar 2021 : PAT CAGR -> TURNAROUND
DLF Mar 2021 : EPS CAGR -> TURNAROUND
DLF Mar 2022 : PAT CAGR -> TURNAROUND
DLF Mar 2022 : EPS CAGR -> TURNAROUND
DLF Mar 2023 : PAT CAGR -> TURNAROUND
DLF Mar 2023 : EPS CAGR -> TURNAROUND
DLF Mar 2024 : PAT CAGR -> TURNAROUND
DLF Mar 2024 : EPS CAGR -> TURNAROUND
GODREJCP Mar 2013 : PAT CAGR -> DECLINE_TO_LOSS
GODREJCP Mar 2013 : EPS CAGR -> DECLINE_TO_LOSS
GODREJCP Mar 2014 : PAT CAGR -> DECLINE_TO_LOSS
GODREJCP Mar 2014 : EPS CAGR -> DECLINE_TO_LOSS
GODREJCP Mar 2015 : PAT CAGR -> DECLINE_TO_LOSS
GODREJCP Mar 2015 : EPS CAGR -> DECLINE_TO_LOSS
GODREJCP Mar 2016 : PAT CAGR -> DECLINE_TO_LOSS
GODREJCP Mar 2016 : EPS CAGR -> DECLINE_TO_LOSS
GODREJCP Mar 2017 : PAT CAGR -> DECLINE_TO_LOSS
GODREJCP Mar 2017 : EPS CAGR -> DECLINE_TO_LOSS
GODREJCP Mar 2018 : PAT CAGR -> DECLINE_TO_LOSS
GODREJCP Mar 2018 : EPS CAGR -> DECLINE_TO_LOSS
GODREJCP Mar 2019 : PAT CAGR -> DECLINE_TO_LOSS
GODREJCP Mar 2019 : EPS CAGR -> DECLINE_TO_LOSS
GODREJCP Mar 2020 : PAT CAGR -> DECLINE_TO_LOSS
GODREJCP Mar 2020 : EPS CAGR -> DECLINE_TO_LOSS
GODREJCP Mar 2021 : PAT CAGR -> DECLINE_TO_LOSS
GODREJCP Mar 2021 : EPS CAGR -> DECLINE_TO_LOSS
GODREJCP Mar 2022 : PAT CAGR -> DECLINE_TO_LOSS
GODREJCP Mar 2022 : EPS CAGR -> DECLINE_TO_LOSS
GODREJCP Mar 2023 : PAT CAGR -> DECLINE_TO_LOSS
GODREJCP Mar 2023 : EPS CAGR -> DECLINE_TO_LOSS
GODREJCP Mar 2024 : PAT CAGR -> DECLINE_TO_LOSS
GODREJCP Mar 2024 : EPS CAGR -> DECLINE_TO_LOSS
HDFCLIFE Mar 2013 : Debt Free Company
HDFCLIFE Mar 2014 : Debt Free Company
HDFCLIFE Mar 2015 : Debt Free Company
HDFCLIFE Mar 2016 : Debt Free Company
HDFCLIFE Mar 2017 : Debt Free Company
HDFCLIFE Mar 2018 : Debt Free Company
HDFCLIFE Mar 2019 : Debt Free Company
HDFCLIFE Mar 2020 : Debt Free Company
HINDUNILVR Mar 2018 : Debt Free Company
HINDUNILVR Mar 2020 : Debt Free Company
HINDUNILVR Mar 2021 : Debt Free Company
ICICIGI Mar 2013 : Debt Free Company
ICICIGI Mar 2014 : Debt Free Company
ICICIGI Mar 2015 : Debt Free Company
ICICIGI Mar 2016 : Debt Free Company
ICICIGI Mar 2016 : Interest Coverage N/A
ICICIGI Mar 2023 : Debt Free Company
ICICIGI Mar 2024 : Debt Free Company
ICICIPRULI Mar 2013 : Debt Free Company
ICICIPRULI Mar 2014 : Debt Free Company
ICICIPRULI Mar 2015 : Debt Free Company
ICICIPRULI Mar 2016 : Interest Coverage N/A
ICICIPRULI Mar 2017 : Debt Free Company
ICICIPRULI Mar 2018 : Debt Free Company
ICICIPRULI Mar 2019 : Debt Free Company
ICICIPRULI Mar 2020 : Debt Free Company
INDIGO Mar 2013 : PAT CAGR -> TURNAROUND
INDIGO Mar 2013 : EPS CAGR -> TURNAROUND
INDIGO Mar 2014 : PAT CAGR -> TURNAROUND
INDIGO Mar 2014 : EPS CAGR -> TURNAROUND
INDIGO Mar 2015 : PAT CAGR -> TURNAROUND
INDIGO Mar 2015 : EPS CAGR -> TURNAROUND
INDIGO Mar 2016 : PAT CAGR -> TURNAROUND
INDIGO Mar 2016 : EPS CAGR -> TURNAROUND
INDIGO Mar 2017 : PAT CAGR -> TURNAROUND
INDIGO Mar 2017 : EPS CAGR -> TURNAROUND
INDIGO Mar 2018 : PAT CAGR -> TURNAROUND
INDIGO Mar 2018 : EPS CAGR -> TURNAROUND
INDIGO Mar 2019 : PAT CAGR -> TURNAROUND
INDIGO Mar 2019 : EPS CAGR -> TURNAROUND
INDIGO Mar 2020 : PAT CAGR -> TURNAROUND
INDIGO Mar 2020 : EPS CAGR -> TURNAROUND
INDIGO Mar 2021 : PAT CAGR -> TURNAROUND
INDIGO Mar 2021 : EPS CAGR -> TURNAROUND
INDIGO Mar 2022 : PAT CAGR -> TURNAROUND
INDIGO Mar 2022 : EPS CAGR -> TURNAROUND
INDIGO Mar 2023 : PAT CAGR -> TURNAROUND
INDIGO Mar 2023 : EPS CAGR -> TURNAROUND
INDIGO Mar 2024 : PAT CAGR -> TURNAROUND
INDIGO Mar 2024 : EPS CAGR -> TURNAROUND
INFY Mar 2013 : Debt Free Company
INFY Mar 2014 : Debt Free Company
INFY Mar 2015 : Debt Free Company
INFY Mar 2016 : Debt Free Company
INFY Mar 2016 : Interest Coverage N/A
INFY Mar 2017 : Debt Free Company
INFY Mar 2017 : Interest Coverage N/A
INFY Mar 2018 : Debt Free Company
INFY Mar 2018 : Interest Coverage N/A
INFY Mar 2019 : Debt Free Company
INFY Mar 2019 : Interest Coverage N/A
IOC Mar 2013 : PAT CAGR -> TURNAROUND
IOC Mar 2013 : EPS CAGR -> TURNAROUND
IOC Mar 2014 : PAT CAGR -> TURNAROUND
IOC Mar 2014 : EPS CAGR -> TURNAROUND
IOC Mar 2015 : PAT CAGR -> TURNAROUND
IOC Mar 2015 : EPS CAGR -> TURNAROUND
IOC Mar 2016 : PAT CAGR -> TURNAROUND
IOC Mar 2016 : EPS CAGR -> TURNAROUND
IOC Mar 2017 : PAT CAGR -> TURNAROUND
IOC Mar 2017 : EPS CAGR -> TURNAROUND
IOC Mar 2018 : PAT CAGR -> TURNAROUND
IOC Mar 2018 : EPS CAGR -> TURNAROUND
IOC Mar 2019 : PAT CAGR -> TURNAROUND
IOC Mar 2019 : EPS CAGR -> TURNAROUND
IOC Mar 2020 : PAT CAGR -> TURNAROUND
IOC Mar 2020 : EPS CAGR -> TURNAROUND
IOC Mar 2021 : PAT CAGR -> TURNAROUND
IOC Mar 2021 : EPS CAGR -> TURNAROUND
IOC Mar 2022 : PAT CAGR -> TURNAROUND
IOC Mar 2022 : EPS CAGR -> TURNAROUND
IOC Mar 2023 : PAT CAGR -> TURNAROUND
IOC Mar 2023 : EPS CAGR -> TURNAROUND
IOC Mar 2024 : PAT CAGR -> TURNAROUND
IOC Mar 2024 : EPS CAGR -> TURNAROUND
IRCTC Mar 2015 : Debt Free Company
IRCTC Mar 2015 : Interest Coverage N/A
IRCTC Mar 2016 : Debt Free Company
IRCTC Mar 2016 : Interest Coverage N/A
IRCTC Mar 2017 : Debt Free Company
IRCTC Mar 2018 : Debt Free Company
IRCTC Mar 2019 : Debt Free Company
IRCTC Mar 2020 : Debt Free Company
ITC Mar 2013 : Debt Free Company
ITC Mar 2016 : Debt Free Company
ITC Mar 2017 : Debt Free Company
ITC Mar 2018 : Debt Free Company
ITC Mar 2019 : Debt Free Company
ITC Mar 2020 : Debt Free Company
ITC Mar 2021 : Debt Free Company
ITC Mar 2022 : Debt Free Company
ITC Mar 2023 : Debt Free Company
ITC Mar 2024 : Debt Free Company
JINDALSTEL Mar 2013 : PAT CAGR -> TURNAROUND
JINDALSTEL Mar 2013 : EPS CAGR -> TURNAROUND
JINDALSTEL Mar 2014 : PAT CAGR -> TURNAROUND
JINDALSTEL Mar 2014 : EPS CAGR -> TURNAROUND
JINDALSTEL Mar 2015 : PAT CAGR -> TURNAROUND
JINDALSTEL Mar 2015 : EPS CAGR -> TURNAROUND
JINDALSTEL Mar 2016 : PAT CAGR -> TURNAROUND
JINDALSTEL Mar 2016 : EPS CAGR -> TURNAROUND
JINDALSTEL Mar 2017 : PAT CAGR -> TURNAROUND
JINDALSTEL Mar 2017 : EPS CAGR -> TURNAROUND
JINDALSTEL Mar 2018 : PAT CAGR -> TURNAROUND
JINDALSTEL Mar 2018 : EPS CAGR -> TURNAROUND
JINDALSTEL Mar 2019 : PAT CAGR -> TURNAROUND
JINDALSTEL Mar 2019 : EPS CAGR -> TURNAROUND
JINDALSTEL Mar 2020 : PAT CAGR -> TURNAROUND
JINDALSTEL Mar 2020 : EPS CAGR -> TURNAROUND
JINDALSTEL Mar 2021 : PAT CAGR -> TURNAROUND
JINDALSTEL Mar 2021 : EPS CAGR -> TURNAROUND
JINDALSTEL Mar 2022 : PAT CAGR -> TURNAROUND
JINDALSTEL Mar 2022 : EPS CAGR -> TURNAROUND
JINDALSTEL Mar 2023 : PAT CAGR -> TURNAROUND
JINDALSTEL Mar 2023 : EPS CAGR -> TURNAROUND
JINDALSTEL Mar 2024 : PAT CAGR -> TURNAROUND
JINDALSTEL Mar 2024 : EPS CAGR -> TURNAROUND
JIOFIN Mar 2023 : Interest Coverage N/A
JIOFIN Mar 2023 : Revenue CAGR -> INSUFFICIENT
JIOFIN Mar 2023 : PAT CAGR -> INSUFFICIENT
JIOFIN Mar 2023 : EPS CAGR -> INSUFFICIENT
JIOFIN Mar 2024 : Debt Free Company
JIOFIN Mar 2024 : Revenue CAGR -> INSUFFICIENT
JIOFIN Mar 2024 : PAT CAGR -> INSUFFICIENT
JIOFIN Mar 2024 : EPS CAGR -> INSUFFICIENT
LICI Mar 2019 : Interest Coverage N/A
LICI Mar 2019 : EPS CAGR -> INSUFFICIENT
LICI Mar 2020 : Interest Coverage N/A
LICI Mar 2020 : EPS CAGR -> INSUFFICIENT
LICI Mar 2021 : Debt Free Company
LICI Mar 2021 : Interest Coverage N/A
LICI Mar 2021 : EPS CAGR -> INSUFFICIENT
LICI Mar 2022 : Debt Free Company
LICI Mar 2022 : Interest Coverage N/A
LICI Mar 2022 : EPS CAGR -> INSUFFICIENT
LICI Mar 2023 : Debt Free Company
LICI Mar 2023 : EPS CAGR -> INSUFFICIENT
LICI Mar 2024 : Debt Free Company
LICI Mar 2024 : EPS CAGR -> INSUFFICIENT
LT Mar 2017 : Debt Free Company
LT Mar 2018 : Debt Free Company
LT Mar 2019 : Debt Free Company
LTIM Mar 2017 : Debt Free Company
LTIM Mar 2018 : Debt Free Company
LTIM Mar 2019 : Debt Free Company
M&M Mar 2013 : PAT CAGR -> TURNAROUND
M&M Mar 2014 : PAT CAGR -> TURNAROUND
M&M Mar 2015 : PAT CAGR -> TURNAROUND
M&M Mar 2016 : PAT CAGR -> TURNAROUND
M&M Mar 2017 : PAT CAGR -> TURNAROUND
M&M Mar 2018 : PAT CAGR -> TURNAROUND
M&M Mar 2019 : PAT CAGR -> TURNAROUND
M&M Mar 2020 : PAT CAGR -> TURNAROUND
M&M Mar 2021 : PAT CAGR -> TURNAROUND
M&M Mar 2022 : PAT CAGR -> TURNAROUND
M&M Mar 2023 : PAT CAGR -> TURNAROUND
M&M Mar 2024 : PAT CAGR -> TURNAROUND
MARUTI Mar 2018 : Debt Free Company
MARUTI Mar 2019 : Debt Free Company
MARUTI Mar 2020 : Debt Free Company
MARUTI Mar 2024 : Debt Free Company
NAUKRI Mar 2013 : Debt Free Company
NAUKRI Mar 2013 : PAT CAGR -> TURNAROUND
NAUKRI Mar 2013 : EPS CAGR -> TURNAROUND
NAUKRI Mar 2014 : Debt Free Company
NAUKRI Mar 2014 : PAT CAGR -> TURNAROUND
NAUKRI Mar 2014 : EPS CAGR -> TURNAROUND
NAUKRI Mar 2015 : Debt Free Company
NAUKRI Mar 2015 : PAT CAGR -> TURNAROUND
NAUKRI Mar 2015 : EPS CAGR -> TURNAROUND
NAUKRI Mar 2016 : Debt Free Company
NAUKRI Mar 2016 : PAT CAGR -> TURNAROUND
NAUKRI Mar 2016 : EPS CAGR -> TURNAROUND
NAUKRI Mar 2017 : Debt Free Company
NAUKRI Mar 2017 : PAT CAGR -> TURNAROUND
NAUKRI Mar 2017 : EPS CAGR -> TURNAROUND
NAUKRI Mar 2018 : Debt Free Company
NAUKRI Mar 2018 : PAT CAGR -> TURNAROUND
NAUKRI Mar 2018 : EPS CAGR -> TURNAROUND
NAUKRI Mar 2019 : Debt Free Company
NAUKRI Mar 2019 : PAT CAGR -> TURNAROUND
NAUKRI Mar 2019 : EPS CAGR -> TURNAROUND
NAUKRI Mar 2020 : PAT CAGR -> TURNAROUND
NAUKRI Mar 2020 : EPS CAGR -> TURNAROUND
NAUKRI Mar 2021 : PAT CAGR -> TURNAROUND
NAUKRI Mar 2021 : EPS CAGR -> TURNAROUND
NAUKRI Mar 2022 : Debt Free Company
NAUKRI Mar 2022 : PAT CAGR -> TURNAROUND
NAUKRI Mar 2022 : EPS CAGR -> TURNAROUND
NAUKRI Mar 2023 : PAT CAGR -> TURNAROUND
NAUKRI Mar 2023 : EPS CAGR -> TURNAROUND
NAUKRI Mar 2024 : PAT CAGR -> TURNAROUND
NAUKRI Mar 2024 : EPS CAGR -> TURNAROUND
SBILIFE Mar 2013 : Debt Free Company
SBILIFE Mar 2014 : Debt Free Company
SBILIFE Mar 2015 : Debt Free Company
SBILIFE Mar 2016 : Debt Free Company
SBILIFE Mar 2017 : Debt Free Company
SBILIFE Mar 2018 : Debt Free Company
SBILIFE Mar 2019 : Debt Free Company
SBILIFE Mar 2020 : Debt Free Company
SBILIFE Mar 2020 : Interest Coverage N/A
SBILIFE Mar 2021 : Debt Free Company
SBILIFE Mar 2021 : Interest Coverage N/A
SBILIFE Mar 2022 : Debt Free Company
SBILIFE Mar 2022 : Interest Coverage N/A
SBILIFE Mar 2023 : Debt Free Company
SBILIFE Mar 2024 : Debt Free Company
SIEMENS Sep 2011 : Debt Free Company
SIEMENS Sep 2014 : Debt Free Company
SIEMENS Sep 2015 : Debt Free Company
SIEMENS Sep 2016 : Debt Free Company
SIEMENS Sep 2017 : Debt Free Company
SIEMENS Sep 2018 : Debt Free Company
SIEMENS Sep 2019 : Debt Free Company
SIEMENS Sep 2020 : Debt Free Company
SIEMENS Sep 2021 : Debt Free Company
TATAMOTORS Mar 2013 : PAT CAGR -> TURNAROUND
TATAMOTORS Mar 2013 : EPS CAGR -> TURNAROUND
TATAMOTORS Mar 2014 : PAT CAGR -> TURNAROUND
TATAMOTORS Mar 2014 : EPS CAGR -> TURNAROUND
TATAMOTORS Mar 2015 : PAT CAGR -> TURNAROUND
TATAMOTORS Mar 2015 : EPS CAGR -> TURNAROUND
TATAMOTORS Mar 2016 : PAT CAGR -> TURNAROUND
TATAMOTORS Mar 2016 : EPS CAGR -> TURNAROUND
TATAMOTORS Mar 2017 : PAT CAGR -> TURNAROUND
TATAMOTORS Mar 2017 : EPS CAGR -> TURNAROUND
TATAMOTORS Mar 2018 : PAT CAGR -> TURNAROUND
TATAMOTORS Mar 2018 : EPS CAGR -> TURNAROUND
TATAMOTORS Mar 2019 : PAT CAGR -> TURNAROUND
TATAMOTORS Mar 2019 : EPS CAGR -> TURNAROUND
TATAMOTORS Mar 2020 : PAT CAGR -> TURNAROUND
TATAMOTORS Mar 2020 : EPS CAGR -> TURNAROUND
TATAMOTORS Mar 2021 : PAT CAGR -> TURNAROUND
TATAMOTORS Mar 2021 : EPS CAGR -> TURNAROUND
TATAMOTORS Mar 2022 : PAT CAGR -> TURNAROUND
TATAMOTORS Mar 2022 : EPS CAGR -> TURNAROUND
TATAMOTORS Mar 2023 : PAT CAGR -> TURNAROUND
TATAMOTORS Mar 2023 : EPS CAGR -> TURNAROUND
TATAMOTORS Mar 2024 : PAT CAGR -> TURNAROUND
TATAMOTORS Mar 2024 : EPS CAGR -> TURNAROUND
TCS Mar 2016 : Debt Free Company
TCS Mar 2017 : Debt Free Company
TCS Mar 2018 : Debt Free Company
TCS Mar 2019 : Debt Free Company
TITAN Mar 2013 : Debt Free Company
UNIONBANK Mar 2013 : PAT CAGR -> TURNAROUND
UNIONBANK Mar 2013 : EPS CAGR -> TURNAROUND
UNIONBANK Mar 2014 : PAT CAGR -> TURNAROUND
UNIONBANK Mar 2014 : EPS CAGR -> TURNAROUND
UNIONBANK Mar 2015 : PAT CAGR -> TURNAROUND
UNIONBANK Mar 2015 : EPS CAGR -> TURNAROUND
UNIONBANK Mar 2016 : PAT CAGR -> TURNAROUND
UNIONBANK Mar 2016 : EPS CAGR -> TURNAROUND
UNIONBANK Mar 2017 : PAT CAGR -> TURNAROUND
UNIONBANK Mar 2017 : EPS CAGR -> TURNAROUND
UNIONBANK Mar 2018 : PAT CAGR -> TURNAROUND
UNIONBANK Mar 2018 : EPS CAGR -> TURNAROUND
UNIONBANK Mar 2019 : PAT CAGR -> TURNAROUND
UNIONBANK Mar 2019 : EPS CAGR -> TURNAROUND
UNIONBANK Mar 2020 : PAT CAGR -> TURNAROUND
UNIONBANK Mar 2020 : EPS CAGR -> TURNAROUND
UNIONBANK Mar 2021 : PAT CAGR -> TURNAROUND
UNIONBANK Mar 2021 : EPS CAGR -> TURNAROUND
UNIONBANK Mar 2022 : PAT CAGR -> TURNAROUND
UNIONBANK Mar 2022 : EPS CAGR -> TURNAROUND
UNIONBANK Mar 2023 : PAT CAGR -> TURNAROUND
UNIONBANK Mar 2023 : EPS CAGR -> TURNAROUND
UNIONBANK Mar 2024 : PAT CAGR -> TURNAROUND
UNIONBANK Mar 2024 : EPS CAGR -> TURNAROUND
